
  .   ____          _            __ _ _
 /\\ / ___'_ __ _ _(_)_ __  __ _ \ \ \ \
( ( )\___ | '_ | '_| | '_ \/ _` | \ \ \ \
 \\/  ___)| |_)| | | | | || (_| |  ) ) ) )
  '  |____| .__|_| |_|_| |_\__, | / / / /
 =========|_|==============|___/=/_/_/_/

 :: Spring Boot ::                (v3.3.3)

2026-09-29T13:21:24.749+05:30  INFO 9859 --- [pad-liveness-backend] [           main] i.mosip.liveness.PadLivenessApplication  : Starting PadLivenessApplication v1.0.0-SNAPSHOT using Java 21.0.12 with PID 9859 (/Users/dhrubajotithakur/Desktop/MOSSIP-Vibe-Coded/target/pad-liveness-backend-1.0.0-SNAPSHOT.jar started by dhrubajotithakur in /Users/dhrubajotithakur/Desktop/MOSSIP-Vibe-Coded)
2026-09-29T13:21:24.750+05:30  INFO 9859 --- [pad-liveness-backend] [           main] i.mosip.liveness.PadLivenessApplication  : The following 1 profile is active: "dev"
2026-09-29T13:21:25.198+05:30  INFO 9859 --- [pad-liveness-backend] [           main] .s.d.r.c.RepositoryConfigurationDelegate : Bootstrapping Spring Data JPA repositories in DEFAULT mode.
2026-09-29T13:21:25.231+05:30  INFO 9859 --- [pad-liveness-backend] [           main] .s.d.r.c.RepositoryConfigurationDelegate : Finished Spring Data repository scanning in 28 ms. Found 5 JPA repository interfaces.
2026-09-29T13:21:25.496+05:30  INFO 9859 --- [pad-liveness-backend] [           main] o.s.b.w.embedded.tomcat.TomcatWebServer  : Tomcat initialized with port 8000 (http)
2026-09-29T13:21:25.504+05:30  INFO 9859 --- [pad-liveness-backend] [           main] o.apache.catalina.core.StandardService   : Starting service [Tomcat]
2026-09-29T13:21:25.504+05:30  INFO 9859 --- [pad-liveness-backend] [           main] o.apache.catalina.core.StandardEngine    : Starting Servlet engine: [Apache Tomcat/10.1.28]
2026-09-29T13:21:25.524+05:30  INFO 9859 --- [pad-liveness-backend] [           main] o.a.c.c.C.[Tomcat].[localhost].[/]       : Initializing Spring embedded WebApplicationContext
2026-09-29T13:21:25.525+05:30  INFO 9859 --- [pad-liveness-backend] [           main] w.s.c.ServletWebServerApplicationContext : Root WebApplicationContext: initialization completed in 752 ms
2026-09-29T13:21:25.541+05:30  INFO 9859 --- [pad-liveness-backend] [           main] com.zaxxer.hikari.HikariDataSource       : HikariPool-1 - Starting...
2026-09-29T13:21:25.666+05:30  INFO 9859 --- [pad-liveness-backend] [           main] com.zaxxer.hikari.pool.HikariPool        : HikariPool-1 - Added connection conn0: url=jdbc:h2:mem:pad_liveness user=SA
2026-09-29T13:21:25.667+05:30  INFO 9859 --- [pad-liveness-backend] [           main] com.zaxxer.hikari.HikariDataSource       : HikariPool-1 - Start completed.
2026-09-29T13:21:25.672+05:30  INFO 9859 --- [pad-liveness-backend] [           main] o.s.b.a.h2.H2ConsoleAutoConfiguration    : H2 console available at '/h2-console'. Database available at 'jdbc:h2:mem:pad_liveness'
2026-09-29T13:21:25.737+05:30  INFO 9859 --- [pad-liveness-backend] [           main] o.hibernate.jpa.internal.util.LogHelper  : HHH000204: Processing PersistenceUnitInfo [name: default]
2026-09-29T13:21:25.771+05:30  INFO 9859 --- [pad-liveness-backend] [           main] org.hibernate.Version                    : HHH000412: Hibernate ORM core version 6.5.2.Final
2026-09-29T13:21:25.789+05:30  INFO 9859 --- [pad-liveness-backend] [           main] o.h.c.internal.RegionFactoryInitiator    : HHH000026: Second-level cache disabled
2026-09-29T13:21:25.942+05:30  INFO 9859 --- [pad-liveness-backend] [           main] o.s.o.j.p.SpringPersistenceUnitInfo      : No LoadTimeWeaver setup: ignoring JPA class transformer
2026-09-29T13:21:25.966+05:30  WARN 9859 --- [pad-liveness-backend] [           main] org.hibernate.dialect.Dialect            : HHH000511: The 2.2.224 version for [org.hibernate.dialect.PostgreSQLDialect] is no longer supported, hence certain features may not work properly. The minimum supported version is 12.0.0. Check the community dialects project for available legacy versions.
2026-09-29T13:21:25.969+05:30  WARN 9859 --- [pad-liveness-backend] [           main] org.hibernate.orm.deprecation            : HHH90000025: PostgreSQLDialect does not need to be specified explicitly using 'hibernate.dialect' (remove the property setting and it will be selected by default)
2026-09-29T13:21:26.477+05:30  INFO 9859 --- [pad-liveness-backend] [           main] o.h.e.t.j.p.i.JtaPlatformInitiator       : HHH000489: No JTA platform available (set 'hibernate.transaction.jta.platform' to enable JTA platform integration)
Hibernate: 
    alter table if exists audit_logs 
       drop constraint if exists FKbpil3emmgxcmwex80i04d1o6q
Hibernate: 
    alter table if exists challenges 
       drop constraint if exists FKg0nggsf6u2khsme41jr09rof9
Hibernate: 
    alter table if exists frame_events 
       drop constraint if exists FK3mvwi7rg4n51thln6prf1656q
Hibernate: 
    drop table if exists audit_logs cascade
Hibernate: 
    drop table if exists challenges cascade
Hibernate: 
    drop table if exists config_policies cascade
Hibernate: 
    drop table if exists frame_events cascade
Hibernate: 
    drop table if exists liveness_sessions cascade
Hibernate: 
    create table audit_logs (
        created_at timestamp(6) with time zone,
        id uuid not null,
        session_id uuid not null,
        event_type varchar(64) not null,
        details text not null,
        primary key (id)
    )
Hibernate: 
    create table challenges (
        attempt_number integer not null,
        timeout_ms integer not null,
        completed_at timestamp(6) with time zone,
        issued_at timestamp(6) with time zone,
        id uuid not null,
        session_id uuid not null,
        status varchar(16) not null check (status in ('ISSUED','PASSED','FAILED','TIMEOUT')),
        challenge_type varchar(32) not null check (challenge_type in ('BLINK','SMILE','TURN_LEFT','TURN_RIGHT','LOOK_DIRECTION','LOOK_UP','LOOK_DOWN','LOOK_LEFT','LOOK_RIGHT')),
        primary key (id)
    )
Hibernate: 
    create table config_policies (
        active_liveness_enabled boolean not null,
        challenge_timeout_ms integer not null,
        liveness_enabled boolean not null,
        max_retry_count integer not null,
        min_challenge_count integer not null,
        passive_threshold float(53) not null,
        updated_at timestamp(6) with time zone,
        id uuid not null,
        on_repeated_failure varchar(16) not null check (on_repeated_failure in ('LOCK','ESCALATE','ALLOW_RETRY')),
        workflow_type varchar(32) not null unique check (workflow_type in ('RESIDENT','OPERATOR','SUPERVISOR')),
        challenge_types text not null,
        primary key (id)
    )
Hibernate: 
    create table frame_events (
        face_detected boolean not null,
        face_quality float(53),
        liveness_score float(53),
        multiple_faces boolean not null,
        pad_confidence float(53),
        pad_flag boolean not null,
        created_at timestamp(6) with time zone,
        id uuid not null,
        session_id uuid not null,
        stage varchar(16) not null check (stage in ('PASSIVE','ACTIVE','COMPLETED')),
        pad_attack_type varchar(64),
        primary key (id)
    )
Hibernate: 
    create table liveness_sessions (
        final_result boolean,
        online boolean not null,
        retry_count integer not null,
        closed_at timestamp(6) with time zone,
        created_at timestamp(6) with time zone,
        updated_at timestamp(6) with time zone,
        current_stage varchar(16) not null check (current_stage in ('PASSIVE','ACTIVE','COMPLETED')),
        id uuid not null,
        status varchar(16) not null check (status in ('ACTIVE','PASSED','FAILED','EXPIRED')),
        workflow_type varchar(32) not null check (workflow_type in ('RESIDENT','OPERATOR','SUPERVISOR')),
        device_id varchar(128) not null,
        subject_ref varchar(128),
        failure_reason varchar(256),
        primary key (id)
    )
Hibernate: 
    alter table if exists audit_logs 
       add constraint FKbpil3emmgxcmwex80i04d1o6q 
       foreign key (session_id) 
       references liveness_sessions
Hibernate: 
    alter table if exists challenges 
       add constraint FKg0nggsf6u2khsme41jr09rof9 
       foreign key (session_id) 
       references liveness_sessions
Hibernate: 
    alter table if exists frame_events 
       add constraint FK3mvwi7rg4n51thln6prf1656q 
       foreign key (session_id) 
       references liveness_sessions
2026-09-29T13:21:26.512+05:30  INFO 9859 --- [pad-liveness-backend] [           main] j.LocalContainerEntityManagerFactoryBean : Initialized JPA EntityManagerFactory for persistence unit 'default'
2026-09-29T13:21:27.138+05:30  INFO 9859 --- [pad-liveness-backend] [           main] io.mosip.liveness.app.config.AppConfig   : OpenCV native library loaded successfully
2026-09-29T13:21:27.268+05:30  INFO 9859 --- [pad-liveness-backend] [           main] o.s.d.j.r.query.QueryEnhancerFactory     : Hibernate is in classpath; If applicable, HQL parser will be used.
2026-09-29T13:21:27.686+05:30  WARN 9859 --- [pad-liveness-backend] [           main] JpaBaseConfiguration$JpaWebConfiguration : spring.jpa.open-in-view is enabled by default. Therefore, database queries may be performed during view rendering. Explicitly configure spring.jpa.open-in-view to disable this warning
2026-09-29T13:21:27.696+05:30  INFO 9859 --- [pad-liveness-backend] [           main] o.s.b.a.w.s.WelcomePageHandlerMapping    : Adding welcome page: class path resource [static/index.html]
2026-09-29T13:21:27.916+05:30  INFO 9859 --- [pad-liveness-backend] [           main] o.s.b.w.embedded.tomcat.TomcatWebServer  : Tomcat started on port 8000 (http) with context path '/'
2026-09-29T13:21:27.929+05:30  INFO 9859 --- [pad-liveness-backend] [           main] i.mosip.liveness.PadLivenessApplication  : Started PadLivenessApplication in 3.391 seconds (process running for 3.675)
2026-09-29T13:21:28.404+05:30  INFO 9859 --- [pad-liveness-backend] [nio-8000-exec-1] o.a.c.c.C.[Tomcat].[localhost].[/]       : Initializing Spring DispatcherServlet 'dispatcherServlet'
2026-09-29T13:21:28.405+05:30  INFO 9859 --- [pad-liveness-backend] [nio-8000-exec-1] o.s.web.servlet.DispatcherServlet        : Initializing Servlet 'dispatcherServlet'
2026-09-29T13:21:28.406+05:30  INFO 9859 --- [pad-liveness-backend] [nio-8000-exec-1] o.s.web.servlet.DispatcherServlet        : Completed initialization in 1 ms
Hibernate: 
    select
        count(*) 
    from
        liveness_sessions ls1_0
Hibernate: 
    select
        count(ls1_0.id) 
    from
        liveness_sessions ls1_0 
    where
        ls1_0.status=?
Hibernate: 
    select
        count(ls1_0.id) 
    from
        liveness_sessions ls1_0 
    where
        ls1_0.status=?
Hibernate: 
    select
        count(ls1_0.id) 
    from
        liveness_sessions ls1_0 
    where
        ls1_0.status=?
Hibernate: 
    select
        count(distinct fe1_0.session_id) 
    from
        frame_events fe1_0 
    where
        fe1_0.stage=?
Hibernate: 
    select
        count(*) 
    from
        frame_events fe1_0
Hibernate: 
    select
        count(*) 
    from
        challenges ce1_0
Hibernate: 
    select
        count(ce1_0.id) 
    from
        challenges ce1_0 
    where
        ce1_0.status=?
Hibernate: 
    select
        coalesce(sum(ls1_0.retry_count), 0) 
    from
        liveness_sessions ls1_0
Hibernate: 
    select
        count(ls1_0.id) 
    from
        liveness_sessions ls1_0 
    where
        ls1_0.failure_reason like ? escape ''
Hibernate: 
    insert 
    into
        liveness_sessions
        (closed_at, created_at, current_stage, device_id, failure_reason, final_result, online, retry_count, status, subject_ref, updated_at, workflow_type, id) 
    values
        (?, ?, ?, ?, ?, ?, ?, ?, ?, ?, ?, ?, ?)
Hibernate: 
    select
        ls1_0.id,
        ls1_0.closed_at,
        ls1_0.created_at,
        ls1_0.current_stage,
        ls1_0.device_id,
        ls1_0.failure_reason,
        ls1_0.final_result,
        ls1_0.online,
        ls1_0.retry_count,
        ls1_0.status,
        ls1_0.subject_ref,
        ls1_0.updated_at,
        ls1_0.workflow_type 
    from
        liveness_sessions ls1_0 
    where
        ls1_0.id=?
Hibernate: 
    select
        cp1_0.id,
        cp1_0.active_liveness_enabled,
        cp1_0.challenge_timeout_ms,
        cp1_0.challenge_types,
        cp1_0.liveness_enabled,
        cp1_0.max_retry_count,
        cp1_0.min_challenge_count,
        cp1_0.on_repeated_failure,
        cp1_0.passive_threshold,
        cp1_0.updated_at,
        cp1_0.workflow_type 
    from
        config_policies cp1_0 
    where
        cp1_0.workflow_type=?
Hibernate: 
    insert 
    into
        frame_events
        (created_at, face_detected, face_quality, liveness_score, multiple_faces, pad_attack_type, pad_confidence, pad_flag, session_id, stage, id) 
    values
        (?, ?, ?, ?, ?, ?, ?, ?, ?, ?, ?)
Hibernate: 
    insert 
    into
        challenges
        (attempt_number, challenge_type, completed_at, issued_at, session_id, status, timeout_ms, id) 
    values
        (?, ?, ?, ?, ?, ?, ?, ?)
Hibernate: 
    insert 
    into
        audit_logs
        (created_at, details, event_type, session_id, id) 
    values
        (?, ?, ?, ?, ?)
Hibernate: 
    update
        liveness_sessions 
    set
        closed_at=?,
        created_at=?,
        current_stage=?,
        device_id=?,
        failure_reason=?,
        final_result=?,
        online=?,
        retry_count=?,
        status=?,
        subject_ref=?,
        updated_at=?,
        workflow_type=? 
    where
        id=?
Hibernate: 
    update
        audit_logs 
    set
        created_at=?,
        details=?,
        event_type=?,
        session_id=? 
    where
        id=?
Hibernate: 
    update
        audit_logs 
    set
        created_at=?,
        details=?,
        event_type=?,
        session_id=? 
    where
        id=?
Hibernate: 
    select
        ls1_0.id,
        ls1_0.closed_at,
        ls1_0.created_at,
        ls1_0.current_stage,
        ls1_0.device_id,
        ls1_0.failure_reason,
        ls1_0.final_result,
        ls1_0.online,
        ls1_0.retry_count,
        ls1_0.status,
        ls1_0.subject_ref,
        ls1_0.updated_at,
        ls1_0.workflow_type 
    from
        liveness_sessions ls1_0 
    where
        ls1_0.id=?
Hibernate: 
    select
        ce1_0.id,
        ce1_0.attempt_number,
        ce1_0.challenge_type,
        ce1_0.completed_at,
        ce1_0.issued_at,
        ce1_0.session_id,
        ce1_0.status,
        ce1_0.timeout_ms 
    from
        challenges ce1_0 
    where
        ce1_0.id=?
Hibernate: 
    select
        cp1_0.id,
        cp1_0.active_liveness_enabled,
        cp1_0.challenge_timeout_ms,
        cp1_0.challenge_types,
        cp1_0.liveness_enabled,
        cp1_0.max_retry_count,
        cp1_0.min_challenge_count,
        cp1_0.on_repeated_failure,
        cp1_0.passive_threshold,
        cp1_0.updated_at,
        cp1_0.workflow_type 
    from
        config_policies cp1_0 
    where
        cp1_0.workflow_type=?
Hibernate: 
    insert 
    into
        audit_logs
        (created_at, details, event_type, session_id, id) 
    values
        (?, ?, ?, ?, ?)
Hibernate: 
    update
        liveness_sessions 
    set
        closed_at=?,
        created_at=?,
        current_stage=?,
        device_id=?,
        failure_reason=?,
        final_result=?,
        online=?,
        retry_count=?,
        status=?,
        subject_ref=?,
        updated_at=?,
        workflow_type=? 
    where
        id=?
Hibernate: 
    update
        challenges 
    set
        attempt_number=?,
        challenge_type=?,
        completed_at=?,
        issued_at=?,
        session_id=?,
        status=?,
        timeout_ms=? 
    where
        id=?
Hibernate: 
    select
        count(ce1_0.id) 
    from
        challenges ce1_0 
    where
        ce1_0.session_id=?
Hibernate: 
    insert 
    into
        challenges
        (attempt_number, challenge_type, completed_at, issued_at, session_id, status, timeout_ms, id) 
    values
        (?, ?, ?, ?, ?, ?, ?, ?)
Hibernate: 
    insert 
    into
        audit_logs
        (created_at, details, event_type, session_id, id) 
    values
        (?, ?, ?, ?, ?)
Hibernate: 
    select
        ls1_0.id,
        ls1_0.closed_at,
        ls1_0.created_at,
        ls1_0.current_stage,
        ls1_0.device_id,
        ls1_0.failure_reason,
        ls1_0.final_result,
        ls1_0.online,
        ls1_0.retry_count,
        ls1_0.status,
        ls1_0.subject_ref,
        ls1_0.updated_at,
        ls1_0.workflow_type 
    from
        liveness_sessions ls1_0 
    where
        ls1_0.id=?
Hibernate: 
    select
        ce1_0.id,
        ce1_0.attempt_number,
        ce1_0.challenge_type,
        ce1_0.completed_at,
        ce1_0.issued_at,
        ce1_0.session_id,
        ce1_0.status,
        ce1_0.timeout_ms 
    from
        challenges ce1_0 
    where
        ce1_0.id=?
Hibernate: 
    select
        cp1_0.id,
        cp1_0.active_liveness_enabled,
        cp1_0.challenge_timeout_ms,
        cp1_0.challenge_types,
        cp1_0.liveness_enabled,
        cp1_0.max_retry_count,
        cp1_0.min_challenge_count,
        cp1_0.on_repeated_failure,
        cp1_0.passive_threshold,
        cp1_0.updated_at,
        cp1_0.workflow_type 
    from
        config_policies cp1_0 
    where
        cp1_0.workflow_type=?
Hibernate: 
    insert 
    into
        audit_logs
        (created_at, details, event_type, session_id, id) 
    values
        (?, ?, ?, ?, ?)
Hibernate: 
    update
        liveness_sessions 
    set
        closed_at=?,
        created_at=?,
        current_stage=?,
        device_id=?,
        failure_reason=?,
        final_result=?,
        online=?,
        retry_count=?,
        status=?,
        subject_ref=?,
        updated_at=?,
        workflow_type=? 
    where
        id=?
Hibernate: 
    update
        challenges 
    set
        attempt_number=?,
        challenge_type=?,
        completed_at=?,
        issued_at=?,
        session_id=?,
        status=?,
        timeout_ms=? 
    where
        id=?
Hibernate: 
    select
        count(ce1_0.id) 
    from
        challenges ce1_0 
    where
        ce1_0.session_id=?
Hibernate: 
    insert 
    into
        challenges
        (attempt_number, challenge_type, completed_at, issued_at, session_id, status, timeout_ms, id) 
    values
        (?, ?, ?, ?, ?, ?, ?, ?)
Hibernate: 
    insert 
    into
        audit_logs
        (created_at, details, event_type, session_id, id) 
    values
        (?, ?, ?, ?, ?)
Hibernate: 
    select
        ls1_0.id,
        ls1_0.closed_at,
        ls1_0.created_at,
        ls1_0.current_stage,
        ls1_0.device_id,
        ls1_0.failure_reason,
        ls1_0.final_result,
        ls1_0.online,
        ls1_0.retry_count,
        ls1_0.status,
        ls1_0.subject_ref,
        ls1_0.updated_at,
        ls1_0.workflow_type 
    from
        liveness_sessions ls1_0 
    where
        ls1_0.id=?
Hibernate: 
    select
        ce1_0.id,
        ce1_0.attempt_number,
        ce1_0.challenge_type,
        ce1_0.completed_at,
        ce1_0.issued_at,
        ce1_0.session_id,
        ce1_0.status,
        ce1_0.timeout_ms 
    from
        challenges ce1_0 
    where
        ce1_0.id=?
Hibernate: 
    select
        cp1_0.id,
        cp1_0.active_liveness_enabled,
        cp1_0.challenge_timeout_ms,
        cp1_0.challenge_types,
        cp1_0.liveness_enabled,
        cp1_0.max_retry_count,
        cp1_0.min_challenge_count,
        cp1_0.on_repeated_failure,
        cp1_0.passive_threshold,
        cp1_0.updated_at,
        cp1_0.workflow_type 
    from
        config_policies cp1_0 
    where
        cp1_0.workflow_type=?
Hibernate: 
    insert 
    into
        audit_logs
        (created_at, details, event_type, session_id, id) 
    values
        (?, ?, ?, ?, ?)
Hibernate: 
    update
        liveness_sessions 
    set
        closed_at=?,
        created_at=?,
        current_stage=?,
        device_id=?,
        failure_reason=?,
        final_result=?,
        online=?,
        retry_count=?,
        status=?,
        subject_ref=?,
        updated_at=?,
        workflow_type=? 
    where
        id=?
Hibernate: 
    update
        challenges 
    set
        attempt_number=?,
        challenge_type=?,
        completed_at=?,
        issued_at=?,
        session_id=?,
        status=?,
        timeout_ms=? 
    where
        id=?
Hibernate: 
    select
        al1_0.id,
        al1_0.created_at,
        al1_0.details,
        al1_0.event_type,
        al1_0.session_id 
    from
        audit_logs al1_0 
    where
        al1_0.session_id=? 
    order by
        al1_0.created_at
Hibernate: 
    select
        count(*) 
    from
        liveness_sessions ls1_0
Hibernate: 
    select
        count(ls1_0.id) 
    from
        liveness_sessions ls1_0 
    where
        ls1_0.status=?
Hibernate: 
    select
        count(ls1_0.id) 
    from
        liveness_sessions ls1_0 
    where
        ls1_0.status=?
Hibernate: 
    select
        count(ls1_0.id) 
    from
        liveness_sessions ls1_0 
    where
        ls1_0.status=?
Hibernate: 
    select
        count(distinct fe1_0.session_id) 
    from
        frame_events fe1_0 
    where
        fe1_0.stage=?
Hibernate: 
    select
        count(*) 
    from
        frame_events fe1_0
Hibernate: 
    select
        count(*) 
    from
        challenges ce1_0
Hibernate: 
    select
        count(ce1_0.id) 
    from
        challenges ce1_0 
    where
        ce1_0.status=?
Hibernate: 
    select
        coalesce(sum(ls1_0.retry_count), 0) 
    from
        liveness_sessions ls1_0
Hibernate: 
    select
        count(ls1_0.id) 
    from
        liveness_sessions ls1_0 
    where
        ls1_0.failure_reason like ? escape ''
Hibernate: 
    insert 
    into
        liveness_sessions
        (closed_at, created_at, current_stage, device_id, failure_reason, final_result, online, retry_count, status, subject_ref, updated_at, workflow_type, id) 
    values
        (?, ?, ?, ?, ?, ?, ?, ?, ?, ?, ?, ?, ?)
Hibernate: 
    select
        ls1_0.id,
        ls1_0.closed_at,
        ls1_0.created_at,
        ls1_0.current_stage,
        ls1_0.device_id,
        ls1_0.failure_reason,
        ls1_0.final_result,
        ls1_0.online,
        ls1_0.retry_count,
        ls1_0.status,
        ls1_0.subject_ref,
        ls1_0.updated_at,
        ls1_0.workflow_type 
    from
        liveness_sessions ls1_0 
    where
        ls1_0.id=?
Hibernate: 
    select
        cp1_0.id,
        cp1_0.active_liveness_enabled,
        cp1_0.challenge_timeout_ms,
        cp1_0.challenge_types,
        cp1_0.liveness_enabled,
        cp1_0.max_retry_count,
        cp1_0.min_challenge_count,
        cp1_0.on_repeated_failure,
        cp1_0.passive_threshold,
        cp1_0.updated_at,
        cp1_0.workflow_type 
    from
        config_policies cp1_0 
    where
        cp1_0.workflow_type=?
Hibernate: 
    insert 
    into
        frame_events
        (created_at, face_detected, face_quality, liveness_score, multiple_faces, pad_attack_type, pad_confidence, pad_flag, session_id, stage, id) 
    values
        (?, ?, ?, ?, ?, ?, ?, ?, ?, ?, ?)
Hibernate: 
    select
        ls1_0.id,
        ls1_0.closed_at,
        ls1_0.created_at,
        ls1_0.current_stage,
        ls1_0.device_id,
        ls1_0.failure_reason,
        ls1_0.final_result,
        ls1_0.online,
        ls1_0.retry_count,
        ls1_0.status,
        ls1_0.subject_ref,
        ls1_0.updated_at,
        ls1_0.workflow_type 
    from
        liveness_sessions ls1_0 
    where
        ls1_0.id=?
Hibernate: 
    select
        cp1_0.id,
        cp1_0.active_liveness_enabled,
        cp1_0.challenge_timeout_ms,
        cp1_0.challenge_types,
        cp1_0.liveness_enabled,
        cp1_0.max_retry_count,
        cp1_0.min_challenge_count,
        cp1_0.on_repeated_failure,
        cp1_0.passive_threshold,
        cp1_0.updated_at,
        cp1_0.workflow_type 
    from
        config_policies cp1_0 
    where
        cp1_0.workflow_type=?
Hibernate: 
    insert 
    into
        frame_events
        (created_at, face_detected, face_quality, liveness_score, multiple_faces, pad_attack_type, pad_confidence, pad_flag, session_id, stage, id) 
    values
        (?, ?, ?, ?, ?, ?, ?, ?, ?, ?, ?)
Hibernate: 
    select
        ls1_0.id,
        ls1_0.closed_at,
        ls1_0.created_at,
        ls1_0.current_stage,
        ls1_0.device_id,
        ls1_0.failure_reason,
        ls1_0.final_result,
        ls1_0.online,
        ls1_0.retry_count,
        ls1_0.status,
        ls1_0.subject_ref,
        ls1_0.updated_at,
        ls1_0.workflow_type 
    from
        liveness_sessions ls1_0 
    where
        ls1_0.id=?
Hibernate: 
    select
        cp1_0.id,
        cp1_0.active_liveness_enabled,
        cp1_0.challenge_timeout_ms,
        cp1_0.challenge_types,
        cp1_0.liveness_enabled,
        cp1_0.max_retry_count,
        cp1_0.min_challenge_count,
        cp1_0.on_repeated_failure,
        cp1_0.passive_threshold,
        cp1_0.updated_at,
        cp1_0.workflow_type 
    from
        config_policies cp1_0 
    where
        cp1_0.workflow_type=?
Hibernate: 
    insert 
    into
        frame_events
        (created_at, face_detected, face_quality, liveness_score, multiple_faces, pad_attack_type, pad_confidence, pad_flag, session_id, stage, id) 
    values
        (?, ?, ?, ?, ?, ?, ?, ?, ?, ?, ?)
Hibernate: 
    insert 
    into
        challenges
        (attempt_number, challenge_type, completed_at, issued_at, session_id, status, timeout_ms, id) 
    values
        (?, ?, ?, ?, ?, ?, ?, ?)
Hibernate: 
    insert 
    into
        audit_logs
        (created_at, details, event_type, session_id, id) 
    values
        (?, ?, ?, ?, ?)
Hibernate: 
    update
        liveness_sessions 
    set
        closed_at=?,
        created_at=?,
        current_stage=?,
        device_id=?,
        failure_reason=?,
        final_result=?,
        online=?,
        retry_count=?,
        status=?,
        subject_ref=?,
        updated_at=?,
        workflow_type=? 
    where
        id=?
Hibernate: 
    update
        audit_logs 
    set
        created_at=?,
        details=?,
        event_type=?,
        session_id=? 
    where
        id=?
Hibernate: 
    update
        audit_logs 
    set
        created_at=?,
        details=?,
        event_type=?,
        session_id=? 
    where
        id=?
Hibernate: 
    select
        ls1_0.id,
        ls1_0.closed_at,
        ls1_0.created_at,
        ls1_0.current_stage,
        ls1_0.device_id,
        ls1_0.failure_reason,
        ls1_0.final_result,
        ls1_0.online,
        ls1_0.retry_count,
        ls1_0.status,
        ls1_0.subject_ref,
        ls1_0.updated_at,
        ls1_0.workflow_type 
    from
        liveness_sessions ls1_0 
    where
        ls1_0.id=?
Hibernate: 
    select
        ce1_0.id,
        ce1_0.attempt_number,
        ce1_0.challenge_type,
        ce1_0.completed_at,
        ce1_0.issued_at,
        ce1_0.session_id,
        ce1_0.status,
        ce1_0.timeout_ms 
    from
        challenges ce1_0 
    where
        ce1_0.id=?
Hibernate: 
    select
        cp1_0.id,
        cp1_0.active_liveness_enabled,
        cp1_0.challenge_timeout_ms,
        cp1_0.challenge_types,
        cp1_0.liveness_enabled,
        cp1_0.max_retry_count,
        cp1_0.min_challenge_count,
        cp1_0.on_repeated_failure,
        cp1_0.passive_threshold,
        cp1_0.updated_at,
        cp1_0.workflow_type 
    from
        config_policies cp1_0 
    where
        cp1_0.workflow_type=?
Hibernate: 
    insert 
    into
        audit_logs
        (created_at, details, event_type, session_id, id) 
    values
        (?, ?, ?, ?, ?)
Hibernate: 
    update
        liveness_sessions 
    set
        closed_at=?,
        created_at=?,
        current_stage=?,
        device_id=?,
        failure_reason=?,
        final_result=?,
        online=?,
        retry_count=?,
        status=?,
        subject_ref=?,
        updated_at=?,
        workflow_type=? 
    where
        id=?
Hibernate: 
    update
        challenges 
    set
        attempt_number=?,
        challenge_type=?,
        completed_at=?,
        issued_at=?,
        session_id=?,
        status=?,
        timeout_ms=? 
    where
        id=?
Hibernate: 
    select
        count(ce1_0.id) 
    from
        challenges ce1_0 
    where
        ce1_0.session_id=?
Hibernate: 
    insert 
    into
        challenges
        (attempt_number, challenge_type, completed_at, issued_at, session_id, status, timeout_ms, id) 
    values
        (?, ?, ?, ?, ?, ?, ?, ?)
Hibernate: 
    insert 
    into
        audit_logs
        (created_at, details, event_type, session_id, id) 
    values
        (?, ?, ?, ?, ?)
Hibernate: 
    select
        ls1_0.id,
        ls1_0.closed_at,
        ls1_0.created_at,
        ls1_0.current_stage,
        ls1_0.device_id,
        ls1_0.failure_reason,
        ls1_0.final_result,
        ls1_0.online,
        ls1_0.retry_count,
        ls1_0.status,
        ls1_0.subject_ref,
        ls1_0.updated_at,
        ls1_0.workflow_type 
    from
        liveness_sessions ls1_0 
    where
        ls1_0.id=?
Hibernate: 
    select
        ce1_0.id,
        ce1_0.attempt_number,
        ce1_0.challenge_type,
        ce1_0.completed_at,
        ce1_0.issued_at,
        ce1_0.session_id,
        ce1_0.status,
        ce1_0.timeout_ms 
    from
        challenges ce1_0 
    where
        ce1_0.id=?
Hibernate: 
    select
        cp1_0.id,
        cp1_0.active_liveness_enabled,
        cp1_0.challenge_timeout_ms,
        cp1_0.challenge_types,
        cp1_0.liveness_enabled,
        cp1_0.max_retry_count,
        cp1_0.min_challenge_count,
        cp1_0.on_repeated_failure,
        cp1_0.passive_threshold,
        cp1_0.updated_at,
        cp1_0.workflow_type 
    from
        config_policies cp1_0 
    where
        cp1_0.workflow_type=?
Hibernate: 
    insert 
    into
        audit_logs
        (created_at, details, event_type, session_id, id) 
    values
        (?, ?, ?, ?, ?)
Hibernate: 
    update
        liveness_sessions 
    set
        closed_at=?,
        created_at=?,
        current_stage=?,
        device_id=?,
        failure_reason=?,
        final_result=?,
        online=?,
        retry_count=?,
        status=?,
        subject_ref=?,
        updated_at=?,
        workflow_type=? 
    where
        id=?
Hibernate: 
    update
        challenges 
    set
        attempt_number=?,
        challenge_type=?,
        completed_at=?,
        issued_at=?,
        session_id=?,
        status=?,
        timeout_ms=? 
    where
        id=?
Hibernate: 
    select
        count(ce1_0.id) 
    from
        challenges ce1_0 
    where
        ce1_0.session_id=?
Hibernate: 
    insert 
    into
        challenges
        (attempt_number, challenge_type, completed_at, issued_at, session_id, status, timeout_ms, id) 
    values
        (?, ?, ?, ?, ?, ?, ?, ?)
Hibernate: 
    insert 
    into
        audit_logs
        (created_at, details, event_type, session_id, id) 
    values
        (?, ?, ?, ?, ?)
Hibernate: 
    select
        ls1_0.id,
        ls1_0.closed_at,
        ls1_0.created_at,
        ls1_0.current_stage,
        ls1_0.device_id,
        ls1_0.failure_reason,
        ls1_0.final_result,
        ls1_0.online,
        ls1_0.retry_count,
        ls1_0.status,
        ls1_0.subject_ref,
        ls1_0.updated_at,
        ls1_0.workflow_type 
    from
        liveness_sessions ls1_0 
    where
        ls1_0.id=?
Hibernate: 
    select
        ce1_0.id,
        ce1_0.attempt_number,
        ce1_0.challenge_type,
        ce1_0.completed_at,
        ce1_0.issued_at,
        ce1_0.session_id,
        ce1_0.status,
        ce1_0.timeout_ms 
    from
        challenges ce1_0 
    where
        ce1_0.id=?
Hibernate: 
    select
        cp1_0.id,
        cp1_0.active_liveness_enabled,
        cp1_0.challenge_timeout_ms,
        cp1_0.challenge_types,
        cp1_0.liveness_enabled,
        cp1_0.max_retry_count,
        cp1_0.min_challenge_count,
        cp1_0.on_repeated_failure,
        cp1_0.passive_threshold,
        cp1_0.updated_at,
        cp1_0.workflow_type 
    from
        config_policies cp1_0 
    where
        cp1_0.workflow_type=?
Hibernate: 
    insert 
    into
        audit_logs
        (created_at, details, event_type, session_id, id) 
    values
        (?, ?, ?, ?, ?)
Hibernate: 
    update
        liveness_sessions 
    set
        closed_at=?,
        created_at=?,
        current_stage=?,
        device_id=?,
        failure_reason=?,
        final_result=?,
        online=?,
        retry_count=?,
        status=?,
        subject_ref=?,
        updated_at=?,
        workflow_type=? 
    where
        id=?
Hibernate: 
    update
        challenges 
    set
        attempt_number=?,
        challenge_type=?,
        completed_at=?,
        issued_at=?,
        session_id=?,
        status=?,
        timeout_ms=? 
    where
        id=?
Hibernate: 
    select
        al1_0.id,
        al1_0.created_at,
        al1_0.details,
        al1_0.event_type,
        al1_0.session_id 
    from
        audit_logs al1_0 
    where
        al1_0.session_id=? 
    order by
        al1_0.created_at
Hibernate: 
    select
        count(*) 
    from
        liveness_sessions ls1_0
Hibernate: 
    select
        count(ls1_0.id) 
    from
        liveness_sessions ls1_0 
    where
        ls1_0.status=?
Hibernate: 
    select
        count(ls1_0.id) 
    from
        liveness_sessions ls1_0 
    where
        ls1_0.status=?
Hibernate: 
    select
        count(ls1_0.id) 
    from
        liveness_sessions ls1_0 
    where
        ls1_0.status=?
Hibernate: 
    select
        count(distinct fe1_0.session_id) 
    from
        frame_events fe1_0 
    where
        fe1_0.stage=?
Hibernate: 
    select
        count(*) 
    from
        frame_events fe1_0
Hibernate: 
    select
        count(*) 
    from
        challenges ce1_0
Hibernate: 
    select
        count(ce1_0.id) 
    from
        challenges ce1_0 
    where
        ce1_0.status=?
Hibernate: 
    select
        coalesce(sum(ls1_0.retry_count), 0) 
    from
        liveness_sessions ls1_0
Hibernate: 
    select
        count(ls1_0.id) 
    from
        liveness_sessions ls1_0 
    where
        ls1_0.failure_reason like ? escape ''
Hibernate: 
    insert 
    into
        liveness_sessions
        (closed_at, created_at, current_stage, device_id, failure_reason, final_result, online, retry_count, status, subject_ref, updated_at, workflow_type, id) 
    values
        (?, ?, ?, ?, ?, ?, ?, ?, ?, ?, ?, ?, ?)
Hibernate: 
    select
        ls1_0.id,
        ls1_0.closed_at,
        ls1_0.created_at,
        ls1_0.current_stage,
        ls1_0.device_id,
        ls1_0.failure_reason,
        ls1_0.final_result,
        ls1_0.online,
        ls1_0.retry_count,
        ls1_0.status,
        ls1_0.subject_ref,
        ls1_0.updated_at,
        ls1_0.workflow_type 
    from
        liveness_sessions ls1_0 
    where
        ls1_0.id=?
Hibernate: 
    select
        cp1_0.id,
        cp1_0.active_liveness_enabled,
        cp1_0.challenge_timeout_ms,
        cp1_0.challenge_types,
        cp1_0.liveness_enabled,
        cp1_0.max_retry_count,
        cp1_0.min_challenge_count,
        cp1_0.on_repeated_failure,
        cp1_0.passive_threshold,
        cp1_0.updated_at,
        cp1_0.workflow_type 
    from
        config_policies cp1_0 
    where
        cp1_0.workflow_type=?
Hibernate: 
    insert 
    into
        frame_events
        (created_at, face_detected, face_quality, liveness_score, multiple_faces, pad_attack_type, pad_confidence, pad_flag, session_id, stage, id) 
    values
        (?, ?, ?, ?, ?, ?, ?, ?, ?, ?, ?)
Hibernate: 
    insert 
    into
        challenges
        (attempt_number, challenge_type, completed_at, issued_at, session_id, status, timeout_ms, id) 
    values
        (?, ?, ?, ?, ?, ?, ?, ?)
Hibernate: 
    insert 
    into
        audit_logs
        (created_at, details, event_type, session_id, id) 
    values
        (?, ?, ?, ?, ?)
Hibernate: 
    update
        liveness_sessions 
    set
        closed_at=?,
        created_at=?,
        current_stage=?,
        device_id=?,
        failure_reason=?,
        final_result=?,
        online=?,
        retry_count=?,
        status=?,
        subject_ref=?,
        updated_at=?,
        workflow_type=? 
    where
        id=?
Hibernate: 
    update
        audit_logs 
    set
        created_at=?,
        details=?,
        event_type=?,
        session_id=? 
    where
        id=?
Hibernate: 
    update
        audit_logs 
    set
        created_at=?,
        details=?,
        event_type=?,
        session_id=? 
    where
        id=?
Hibernate: 
    select
        ls1_0.id,
        ls1_0.closed_at,
        ls1_0.created_at,
        ls1_0.current_stage,
        ls1_0.device_id,
        ls1_0.failure_reason,
        ls1_0.final_result,
        ls1_0.online,
        ls1_0.retry_count,
        ls1_0.status,
        ls1_0.subject_ref,
        ls1_0.updated_at,
        ls1_0.workflow_type 
    from
        liveness_sessions ls1_0 
    where
        ls1_0.id=?
Hibernate: 
    select
        ce1_0.id,
        ce1_0.attempt_number,
        ce1_0.challenge_type,
        ce1_0.completed_at,
        ce1_0.issued_at,
        ce1_0.session_id,
        ce1_0.status,
        ce1_0.timeout_ms 
    from
        challenges ce1_0 
    where
        ce1_0.id=?
Hibernate: 
    select
        cp1_0.id,
        cp1_0.active_liveness_enabled,
        cp1_0.challenge_timeout_ms,
        cp1_0.challenge_types,
        cp1_0.liveness_enabled,
        cp1_0.max_retry_count,
        cp1_0.min_challenge_count,
        cp1_0.on_repeated_failure,
        cp1_0.passive_threshold,
        cp1_0.updated_at,
        cp1_0.workflow_type 
    from
        config_policies cp1_0 
    where
        cp1_0.workflow_type=?
Hibernate: 
    insert 
    into
        audit_logs
        (created_at, details, event_type, session_id, id) 
    values
        (?, ?, ?, ?, ?)
Hibernate: 
    update
        challenges 
    set
        attempt_number=?,
        challenge_type=?,
        completed_at=?,
        issued_at=?,
        session_id=?,
        status=?,
        timeout_ms=? 
    where
        id=?
Hibernate: 
    select
        count(ce1_0.id) 
    from
        challenges ce1_0 
    where
        ce1_0.session_id=? 
        and ce1_0.status=?
Hibernate: 
    update
        liveness_sessions 
    set
        closed_at=?,
        created_at=?,
        current_stage=?,
        device_id=?,
        failure_reason=?,
        final_result=?,
        online=?,
        retry_count=?,
        status=?,
        subject_ref=?,
        updated_at=?,
        workflow_type=? 
    where
        id=?
Hibernate: 
    select
        al1_0.id,
        al1_0.created_at,
        al1_0.details,
        al1_0.event_type,
        al1_0.session_id 
    from
        audit_logs al1_0 
    where
        al1_0.session_id=? 
    order by
        al1_0.created_at
Hibernate: 
    select
        count(*) 
    from
        liveness_sessions ls1_0
Hibernate: 
    select
        count(ls1_0.id) 
    from
        liveness_sessions ls1_0 
    where
        ls1_0.status=?
Hibernate: 
    select
        count(ls1_0.id) 
    from
        liveness_sessions ls1_0 
    where
        ls1_0.status=?
Hibernate: 
    select
        count(ls1_0.id) 
    from
        liveness_sessions ls1_0 
    where
        ls1_0.status=?
Hibernate: 
    select
        count(distinct fe1_0.session_id) 
    from
        frame_events fe1_0 
    where
        fe1_0.stage=?
Hibernate: 
    select
        count(*) 
    from
        frame_events fe1_0
Hibernate: 
    select
        count(*) 
    from
        challenges ce1_0
Hibernate: 
    select
        count(ce1_0.id) 
    from
        challenges ce1_0 
    where
        ce1_0.status=?
Hibernate: 
    select
        coalesce(sum(ls1_0.retry_count), 0) 
    from
        liveness_sessions ls1_0
Hibernate: 
    select
        count(ls1_0.id) 
    from
        liveness_sessions ls1_0 
    where
        ls1_0.failure_reason like ? escape ''
Hibernate: 
    insert 
    into
        liveness_sessions
        (closed_at, created_at, current_stage, device_id, failure_reason, final_result, online, retry_count, status, subject_ref, updated_at, workflow_type, id) 
    values
        (?, ?, ?, ?, ?, ?, ?, ?, ?, ?, ?, ?, ?)
Hibernate: 
    select
        ls1_0.id,
        ls1_0.closed_at,
        ls1_0.created_at,
        ls1_0.current_stage,
        ls1_0.device_id,
        ls1_0.failure_reason,
        ls1_0.final_result,
        ls1_0.online,
        ls1_0.retry_count,
        ls1_0.status,
        ls1_0.subject_ref,
        ls1_0.updated_at,
        ls1_0.workflow_type 
    from
        liveness_sessions ls1_0 
    where
        ls1_0.id=?
Hibernate: 
    select
        cp1_0.id,
        cp1_0.active_liveness_enabled,
        cp1_0.challenge_timeout_ms,
        cp1_0.challenge_types,
        cp1_0.liveness_enabled,
        cp1_0.max_retry_count,
        cp1_0.min_challenge_count,
        cp1_0.on_repeated_failure,
        cp1_0.passive_threshold,
        cp1_0.updated_at,
        cp1_0.workflow_type 
    from
        config_policies cp1_0 
    where
        cp1_0.workflow_type=?
Hibernate: 
    insert 
    into
        frame_events
        (created_at, face_detected, face_quality, liveness_score, multiple_faces, pad_attack_type, pad_confidence, pad_flag, session_id, stage, id) 
    values
        (?, ?, ?, ?, ?, ?, ?, ?, ?, ?, ?)
Hibernate: 
    insert 
    into
        challenges
        (attempt_number, challenge_type, completed_at, issued_at, session_id, status, timeout_ms, id) 
    values
        (?, ?, ?, ?, ?, ?, ?, ?)
Hibernate: 
    insert 
    into
        audit_logs
        (created_at, details, event_type, session_id, id) 
    values
        (?, ?, ?, ?, ?)
Hibernate: 
    update
        liveness_sessions 
    set
        closed_at=?,
        created_at=?,
        current_stage=?,
        device_id=?,
        failure_reason=?,
        final_result=?,
        online=?,
        retry_count=?,
        status=?,
        subject_ref=?,
        updated_at=?,
        workflow_type=? 
    where
        id=?
Hibernate: 
    update
        audit_logs 
    set
        created_at=?,
        details=?,
        event_type=?,
        session_id=? 
    where
        id=?
Hibernate: 
    update
        audit_logs 
    set
        created_at=?,
        details=?,
        event_type=?,
        session_id=? 
    where
        id=?
Hibernate: 
    select
        ls1_0.id,
        ls1_0.closed_at,
        ls1_0.created_at,
        ls1_0.current_stage,
        ls1_0.device_id,
        ls1_0.failure_reason,
        ls1_0.final_result,
        ls1_0.online,
        ls1_0.retry_count,
        ls1_0.status,
        ls1_0.subject_ref,
        ls1_0.updated_at,
        ls1_0.workflow_type 
    from
        liveness_sessions ls1_0 
    where
        ls1_0.id=?
Hibernate: 
    select
        ce1_0.id,
        ce1_0.attempt_number,
        ce1_0.challenge_type,
        ce1_0.completed_at,
        ce1_0.issued_at,
        ce1_0.session_id,
        ce1_0.status,
        ce1_0.timeout_ms 
    from
        challenges ce1_0 
    where
        ce1_0.id=?
Hibernate: 
    select
        cp1_0.id,
        cp1_0.active_liveness_enabled,
        cp1_0.challenge_timeout_ms,
        cp1_0.challenge_types,
        cp1_0.liveness_enabled,
        cp1_0.max_retry_count,
        cp1_0.min_challenge_count,
        cp1_0.on_repeated_failure,
        cp1_0.passive_threshold,
        cp1_0.updated_at,
        cp1_0.workflow_type 
    from
        config_policies cp1_0 
    where
        cp1_0.workflow_type=?
Hibernate: 
    insert 
    into
        audit_logs
        (created_at, details, event_type, session_id, id) 
    values
        (?, ?, ?, ?, ?)
Hibernate: 
    update
        liveness_sessions 
    set
        closed_at=?,
        created_at=?,
        current_stage=?,
        device_id=?,
        failure_reason=?,
        final_result=?,
        online=?,
        retry_count=?,
        status=?,
        subject_ref=?,
        updated_at=?,
        workflow_type=? 
    where
        id=?
Hibernate: 
    update
        challenges 
    set
        attempt_number=?,
        challenge_type=?,
        completed_at=?,
        issued_at=?,
        session_id=?,
        status=?,
        timeout_ms=? 
    where
        id=?
Hibernate: 
    select
        count(ce1_0.id) 
    from
        challenges ce1_0 
    where
        ce1_0.session_id=?
Hibernate: 
    insert 
    into
        challenges
        (attempt_number, challenge_type, completed_at, issued_at, session_id, status, timeout_ms, id) 
    values
        (?, ?, ?, ?, ?, ?, ?, ?)
Hibernate: 
    insert 
    into
        audit_logs
        (created_at, details, event_type, session_id, id) 
    values
        (?, ?, ?, ?, ?)
Hibernate: 
    select
        ls1_0.id,
        ls1_0.closed_at,
        ls1_0.created_at,
        ls1_0.current_stage,
        ls1_0.device_id,
        ls1_0.failure_reason,
        ls1_0.final_result,
        ls1_0.online,
        ls1_0.retry_count,
        ls1_0.status,
        ls1_0.subject_ref,
        ls1_0.updated_at,
        ls1_0.workflow_type 
    from
        liveness_sessions ls1_0 
    where
        ls1_0.id=?
Hibernate: 
    select
        ce1_0.id,
        ce1_0.attempt_number,
        ce1_0.challenge_type,
        ce1_0.completed_at,
        ce1_0.issued_at,
        ce1_0.session_id,
        ce1_0.status,
        ce1_0.timeout_ms 
    from
        challenges ce1_0 
    where
        ce1_0.id=?
Hibernate: 
    select
        cp1_0.id,
        cp1_0.active_liveness_enabled,
        cp1_0.challenge_timeout_ms,
        cp1_0.challenge_types,
        cp1_0.liveness_enabled,
        cp1_0.max_retry_count,
        cp1_0.min_challenge_count,
        cp1_0.on_repeated_failure,
        cp1_0.passive_threshold,
        cp1_0.updated_at,
        cp1_0.workflow_type 
    from
        config_policies cp1_0 
    where
        cp1_0.workflow_type=?
Hibernate: 
    insert 
    into
        audit_logs
        (created_at, details, event_type, session_id, id) 
    values
        (?, ?, ?, ?, ?)
Hibernate: 
    update
        challenges 
    set
        attempt_number=?,
        challenge_type=?,
        completed_at=?,
        issued_at=?,
        session_id=?,
        status=?,
        timeout_ms=? 
    where
        id=?
Hibernate: 
    select
        count(ce1_0.id) 
    from
        challenges ce1_0 
    where
        ce1_0.session_id=? 
        and ce1_0.status=?
Hibernate: 
    update
        liveness_sessions 
    set
        closed_at=?,
        created_at=?,
        current_stage=?,
        device_id=?,
        failure_reason=?,
        final_result=?,
        online=?,
        retry_count=?,
        status=?,
        subject_ref=?,
        updated_at=?,
        workflow_type=? 
    where
        id=?
Hibernate: 
    select
        al1_0.id,
        al1_0.created_at,
        al1_0.details,
        al1_0.event_type,
        al1_0.session_id 
    from
        audit_logs al1_0 
    where
        al1_0.session_id=? 
    order by
        al1_0.created_at
Hibernate: 
    select
        count(*) 
    from
        liveness_sessions ls1_0
Hibernate: 
    select
        count(ls1_0.id) 
    from
        liveness_sessions ls1_0 
    where
        ls1_0.status=?
Hibernate: 
    select
        count(ls1_0.id) 
    from
        liveness_sessions ls1_0 
    where
        ls1_0.status=?
Hibernate: 
    select
        count(ls1_0.id) 
    from
        liveness_sessions ls1_0 
    where
        ls1_0.status=?
Hibernate: 
    select
        count(distinct fe1_0.session_id) 
    from
        frame_events fe1_0 
    where
        fe1_0.stage=?
Hibernate: 
    select
        count(*) 
    from
        frame_events fe1_0
Hibernate: 
    select
        count(*) 
    from
        challenges ce1_0
Hibernate: 
    select
        count(ce1_0.id) 
    from
        challenges ce1_0 
    where
        ce1_0.status=?
Hibernate: 
    select
        coalesce(sum(ls1_0.retry_count), 0) 
    from
        liveness_sessions ls1_0
Hibernate: 
    select
        count(ls1_0.id) 
    from
        liveness_sessions ls1_0 
    where
        ls1_0.failure_reason like ? escape ''
2026-09-29T13:23:18.107+05:30  INFO 9859 --- [pad-liveness-backend] [ionShutdownHook] j.LocalContainerEntityManagerFactoryBean : Closing JPA EntityManagerFactory for persistence unit 'default'
Hibernate: 
    alter table if exists audit_logs 
       drop constraint if exists FKbpil3emmgxcmwex80i04d1o6q
Hibernate: 
    alter table if exists challenges 
       drop constraint if exists FKg0nggsf6u2khsme41jr09rof9
Hibernate: 
    alter table if exists frame_events 
       drop constraint if exists FK3mvwi7rg4n51thln6prf1656q
Hibernate: 
    drop table if exists audit_logs cascade
Hibernate: 
    drop table if exists challenges cascade
Hibernate: 
    drop table if exists config_policies cascade
Hibernate: 
    drop table if exists frame_events cascade
Hibernate: 
    drop table if exists liveness_sessions cascade
2026-09-29T13:23:18.114+05:30  INFO 9859 --- [pad-liveness-backend] [ionShutdownHook] com.zaxxer.hikari.HikariDataSource       : HikariPool-1 - Shutdown initiated...
2026-09-29T13:23:18.115+05:30  INFO 9859 --- [pad-liveness-backend] [ionShutdownHook] com.zaxxer.hikari.HikariDataSource       : HikariPool-1 - Shutdown completed.
